Microsoft (R) Macro Assembler Version 6.11		    10/08/18 08:31:45
1:A SINGLE CHARECTER INPUT				     Page 1 - 1


				TITLE 1:A SINGLE CHARECTER INPUT
				.MODEL SMALL
				.STACK 100H
 0000				.DATA
 0000				.CODE
 0000				  	MAIN PROC
 0000  B4 01			 	MOV AH,1
 0002  CD 21			 	INT 21H
 0004  B4 4C				MOV AH,4CH
 0006  CD 21			 	INT 21H
 0008				 	MAIN ENDP
				 		END MAIN
Microsoft (R) Macro Assembler Version 6.11		    10/08/18 08:31:45
1:A SINGLE CHARECTER INPUT				     Symbols 2 - 1




Segments and Groups:

                N a m e                 Size     Length   Align   Combine Class

DGROUP . . . . . . . . . . . . .	GROUP
_DATA  . . . . . . . . . . . . .	16 Bit	 0000	  Word	  Public  'DATA'	
STACK  . . . . . . . . . . . . .	16 Bit	 0100	  Para	  Stack	  'STACK'	 
_TEXT  . . . . . . . . . . . . .	16 Bit	 0008	  Word	  Public  'CODE'	


Procedures,  parameters and locals:

                N a m e                 Type     Value    Attr

MAIN . . . . . . . . . . . . . .	P Near	 0000	  _TEXT	Length= 0008 Private


Symbols:

                N a m e                 Type     Value    Attr

@CodeSize  . . . . . . . . . . .	Number	 0000h	 
@DataSize  . . . . . . . . . . .	Number	 0000h	 
@Interface . . . . . . . . . . .	Number	 0000h	 
@Model . . . . . . . . . . . . .	Number	 0002h	 
@code  . . . . . . . . . . . . .	Text   	 _TEXT
@data  . . . . . . . . . . . . .	Text   	 DGROUP
@fardata?  . . . . . . . . . . .	Text   	 FAR_BSS
@fardata . . . . . . . . . . . .	Text   	 FAR_DATA
@stack . . . . . . . . . . . . .	Text   	 DGROUP

	   0 Warnings
	   0 Errors
