Microsoft (R) Macro Assembler Version 6.11		    10/07/18 10:45:56
2: DISPLAY A SINGLE CHARECTER				     Page 1 - 1


				TITLE 2: DISPLAY A SINGLE CHARECTER
				.MODEL SMALL
				.STACK 100H
 0000				.DATA
 0000				.CODE
 0000					MAIN PROC
 0000  B4 02			 	MOV AH,2
 0002  B2 53			 	MOV DL,'S' 
 0004  CD 21			 	INT 21H

 0006  B4 4C				 MOV AH,4CH
 0008  CD 21			 	INT 21H
 000A					MAIN ENDP
						END MAIN
Microsoft (R) Macro Assembler Version 6.11		    10/07/18 10:45:56
2: DISPLAY A SINGLE CHARECTER				     Symbols 2 - 1




Segments and Groups:

                N a m e                 Size     Length   Align   Combine Class

DGROUP . . . . . . . . . . . . .	GROUP
_DATA  . . . . . . . . . . . . .	16 Bit	 0000	  Word	  Public  'DATA'	
STACK  . . . . . . . . . . . . .	16 Bit	 0100	  Para	  Stack	  'STACK'	 
_TEXT  . . . . . . . . . . . . .	16 Bit	 000A	  Word	  Public  'CODE'	


Procedures,  parameters and locals:

                N a m e                 Type     Value    Attr

MAIN . . . . . . . . . . . . . .	P Near	 0000	  _TEXT	Length= 000A Private


Symbols:

                N a m e                 Type     Value    Attr

@CodeSize  . . . . . . . . . . .	Number	 0000h	 
@DataSize  . . . . . . . . . . .	Number	 0000h	 
@Interface . . . . . . . . . . .	Number	 0000h	 
@Model . . . . . . . . . . . . .	Number	 0002h	 
@code  . . . . . . . . . . . . .	Text   	 _TEXT
@data  . . . . . . . . . . . . .	Text   	 DGROUP
@fardata?  . . . . . . . . . . .	Text   	 FAR_BSS
@fardata . . . . . . . . . . . .	Text   	 FAR_DATA
@stack . . . . . . . . . . . . .	Text   	 DGROUP

	   0 Warnings
	   0 Errors
